Gazebo multi-robot simulator, version 11.10.2
Copyright (C) 2012 Open Source Robotics Foundation.
Released under the Apache 2 License.
http://gazebosim.org


(1783078345 897875017) [Wrn] [gazebo_ros_init.cpp:178] 
#     # ####### ####### ###  #####  #######
##    # #     #    #     #  #     # #
# #   # #     #    #     #  #       #
#  #  # #     #    #     #  #       #####
#   # # #     #    #     #  #       #
#    ## #     #    #     #  #     # #
#     # #######    #    ###  #####  #######

This version of Gazebo, now called Gazebo classic, reaches end-of-life
in January 2025. Users are highly encouraged to migrate to the new Gazebo
using our migration guides (https://gazebosim.org/docs/latest/gazebo_classic_migration?utm_source=gazebo_ros_pkgs&utm_medium=cli)


(1783078345 918413630) [Msg] Waiting for master.
(1783078345 920151754) [Msg] Connected to gazebo master @ http://127.0.0.1:11345
(1783078345 920199426) [Msg] Publicized address: 192.168.100.3
(1783078348 788583964) [Msg] Loading world file [/home/jackerost/autonomous_prototype/install/auto_drive/share/auto_drive/worlds/my_track.world]
(1783078349 560457084) Init world[nxgv_track]
(1783078349 903211431) [Err] [Sensor.cc:510] Get noise index not valid
(1783078349 903278319) [Err] [Sensor.cc:510] Get noise index not valid
(1783078349 903310551) [Err] [Sensor.cc:510] Get noise index not valid
(1783078349 903343344) [Err] [Sensor.cc:510] Get noise index not valid
(1783078349 903373935) [Err] [Sensor.cc:510] Get noise index not valid
(1783078349 903404754) [Err] [Sensor.cc:510] Get noise index not valid
(1783078350 304211899) [Wrn] [Event.cc:61] Warning: Deleting a connection right after creation. Make sure to save the ConnectionPtr from a Connect call
