/home/jackerost/autonomous_prototype/src/auto_drive/install/auto_drive/lib/python3.10/site-packages/auto_drive/control_node.py
/home/jackerost/autonomous_prototype/src/auto_drive/install/auto_drive/lib/python3.10/site-packages/auto_drive/parking_detector_node.py
/home/jackerost/autonomous_prototype/src/auto_drive/install/auto_drive/lib/python3.10/site-packages/auto_drive/wheel_odom_node.py
/home/jackerost/autonomous_prototype/src/auto_drive/install/auto_drive/lib/python3.10/site-packages/auto_drive/perception_node.py
/home/jackerost/autonomous_prototype/src/auto_drive/install/auto_drive/lib/python3.10/site-packages/auto_drive/parking_maneuver.py
/home/jackerost/autonomous_prototype/src/auto_drive/install/auto_drive/lib/python3.10/site-packages/auto_drive/terrain_node.py
/home/jackerost/autonomous_prototype/src/auto_drive/install/auto_drive/lib/python3.10/site-packages/auto_drive/__init__.py
/home/jackerost/autonomous_prototype/src/auto_drive/install/auto_drive/lib/python3.10/site-packages/auto_drive/calibrate_perspective.py
/home/jackerost/autonomous_prototype/src/auto_drive/install/auto_drive/lib/python3.10/site-packages/auto_drive/__pycache__/control_node.cpython-310.pyc
/home/jackerost/autonomous_prototype/src/auto_drive/install/auto_drive/lib/python3.10/site-packages/auto_drive/__pycache__/parking_detector_node.cpython-310.pyc
/home/jackerost/autonomous_prototype/src/auto_drive/install/auto_drive/lib/python3.10/site-packages/auto_drive/__pycache__/wheel_odom_node.cpython-310.pyc
/home/jackerost/autonomous_prototype/src/auto_drive/install/auto_drive/lib/python3.10/site-packages/auto_drive/__pycache__/perception_node.cpython-310.pyc
/home/jackerost/autonomous_prototype/src/auto_drive/install/auto_drive/lib/python3.10/site-packages/auto_drive/__pycache__/parking_maneuver.cpython-310.pyc
/home/jackerost/autonomous_prototype/src/auto_drive/install/auto_drive/lib/python3.10/site-packages/auto_drive/__pycache__/terrain_node.cpython-310.pyc
/home/jackerost/autonomous_prototype/src/auto_drive/install/auto_drive/lib/python3.10/site-packages/auto_drive/__pycache__/__init__.cpython-310.pyc
/home/jackerost/autonomous_prototype/src/auto_drive/install/auto_drive/lib/python3.10/site-packages/auto_drive/__pycache__/calibrate_perspective.cpython-310.pyc
/home/jackerost/autonomous_prototype/src/auto_drive/install/auto_drive/share/ament_index/resource_index/packages/auto_drive
/home/jackerost/autonomous_prototype/src/auto_drive/install/auto_drive/share/auto_drive/package.xml
/home/jackerost/autonomous_prototype/src/auto_drive/install/auto_drive/share/auto_drive/urdf/my_car.urdf
/home/jackerost/autonomous_prototype/src/auto_drive/install/auto_drive/share/auto_drive/urdf/my_car.sdf
/home/jackerost/autonomous_prototype/src/auto_drive/install/auto_drive/share/auto_drive/worlds/my_track.world
/home/jackerost/autonomous_prototype/src/auto_drive/install/auto_drive/share/auto_drive/worlds/track_race/model.config
/home/jackerost/autonomous_prototype/src/auto_drive/install/auto_drive/share/auto_drive/worlds/track_race/model.sdf
/home/jackerost/autonomous_prototype/src/auto_drive/install/auto_drive/share/auto_drive/worlds/track_race/meshes/OMar.stl
/home/jackerost/autonomous_prototype/src/auto_drive/install/auto_drive/share/auto_drive/worlds/track_race/meshes/lines.stl
/home/jackerost/autonomous_prototype/src/auto_drive/install/auto_drive/share/auto_drive/worlds/track_race/meshes/surround.stl
/home/jackerost/autonomous_prototype/src/auto_drive/install/auto_drive/share/auto_drive/worlds/track_race/meshes/road.stl
/home/jackerost/autonomous_prototype/src/auto_drive/install/auto_drive/share/auto_drive/worlds/track_race/materials/scripts/track.material
/home/jackerost/autonomous_prototype/src/auto_drive/install/auto_drive/share/auto_drive/worlds/track_race/materials/textures/custom_road.png
/home/jackerost/autonomous_prototype/src/auto_drive/install/auto_drive/share/auto_drive/worlds/old_track/model.config
/home/jackerost/autonomous_prototype/src/auto_drive/install/auto_drive/share/auto_drive/worlds/old_track/model.sdf
/home/jackerost/autonomous_prototype/src/auto_drive/install/auto_drive/share/auto_drive/worlds/old_track/materials/scripts/track.material
/home/jackerost/autonomous_prototype/src/auto_drive/install/auto_drive/share/auto_drive/worlds/old_track/materials/textures/tracknxgv.png
/home/jackerost/autonomous_prototype/src/auto_drive/install/auto_drive/share/auto_drive/launch/mycar_autorace.launch.py
/home/jackerost/autonomous_prototype/src/auto_drive/install/auto_drive/share/auto_drive/config/ekf.yaml
/home/jackerost/autonomous_prototype/src/auto_drive/install/auto_drive/lib/python3.10/site-packages/auto_drive-0.0.0-py3.10.egg-info/top_level.txt
/home/jackerost/autonomous_prototype/src/auto_drive/install/auto_drive/lib/python3.10/site-packages/auto_drive-0.0.0-py3.10.egg-info/dependency_links.txt
/home/jackerost/autonomous_prototype/src/auto_drive/install/auto_drive/lib/python3.10/site-packages/auto_drive-0.0.0-py3.10.egg-info/requires.txt
/home/jackerost/autonomous_prototype/src/auto_drive/install/auto_drive/lib/python3.10/site-packages/auto_drive-0.0.0-py3.10.egg-info/PKG-INFO
/home/jackerost/autonomous_prototype/src/auto_drive/install/auto_drive/lib/python3.10/site-packages/auto_drive-0.0.0-py3.10.egg-info/entry_points.txt
/home/jackerost/autonomous_prototype/src/auto_drive/install/auto_drive/lib/python3.10/site-packages/auto_drive-0.0.0-py3.10.egg-info/SOURCES.txt
/home/jackerost/autonomous_prototype/src/auto_drive/install/auto_drive/lib/python3.10/site-packages/auto_drive-0.0.0-py3.10.egg-info/zip-safe
/home/jackerost/autonomous_prototype/src/auto_drive/install/auto_drive/lib/auto_drive/calibrate_perspective
/home/jackerost/autonomous_prototype/src/auto_drive/install/auto_drive/lib/auto_drive/control_node
/home/jackerost/autonomous_prototype/src/auto_drive/install/auto_drive/lib/auto_drive/parking_detector_node
/home/jackerost/autonomous_prototype/src/auto_drive/install/auto_drive/lib/auto_drive/perception_node
/home/jackerost/autonomous_prototype/src/auto_drive/install/auto_drive/lib/auto_drive/terrain_node
/home/jackerost/autonomous_prototype/src/auto_drive/install/auto_drive/lib/auto_drive/wheel_odom_node
