[0.854s] Invoking command in '/home/jackerost/autonomous_prototype/src/auto_drive': PYTHONPATH=/home/jackerost/autonomous_prototype/src/auto_drive/build/auto_drive/prefix_override:/usr/lib/python3/dist-packages/colcon_core/task/python/colcon_distutils_commands:/home/jackerost/autonomous_prototype/src/auto_drive/install/auto_drive/lib/python3.10/site-packages:${PYTHONPATH} /usr/bin/python3 -W ignore:setup.py install is deprecated -W ignore:easy_install command is deprecated setup.py egg_info --egg-base build/auto_drive build --build-base /home/jackerost/autonomous_prototype/src/auto_drive/build/auto_drive/build install --record /home/jackerost/autonomous_prototype/src/auto_drive/build/auto_drive/install.log --single-version-externally-managed install_data
[1.045s] running egg_info
[1.046s] writing build/auto_drive/auto_drive.egg-info/PKG-INFO
[1.046s] writing dependency_links to build/auto_drive/auto_drive.egg-info/dependency_links.txt
[1.047s] writing entry points to build/auto_drive/auto_drive.egg-info/entry_points.txt
[1.047s] writing requirements to build/auto_drive/auto_drive.egg-info/requires.txt
[1.047s] writing top-level names to build/auto_drive/auto_drive.egg-info/top_level.txt
[1.049s] reading manifest file 'build/auto_drive/auto_drive.egg-info/SOURCES.txt'
[1.051s] writing manifest file 'build/auto_drive/auto_drive.egg-info/SOURCES.txt'
[1.051s] running build
[1.051s] running build_py
[1.051s] copying auto_drive/control_node.py -> /home/jackerost/autonomous_prototype/src/auto_drive/build/auto_drive/build/lib/auto_drive
[1.052s] running install
[1.052s] running install_lib
[1.053s] copying /home/jackerost/autonomous_prototype/src/auto_drive/build/auto_drive/build/lib/auto_drive/control_node.py -> /home/jackerost/autonomous_prototype/src/auto_drive/install/auto_drive/lib/python3.10/site-packages/auto_drive
[1.054s] byte-compiling /home/jackerost/autonomous_prototype/src/auto_drive/install/auto_drive/lib/python3.10/site-packages/auto_drive/control_node.py to control_node.cpython-310.pyc
[1.063s] running install_data
[1.064s] running install_egg_info
[1.065s] removing '/home/jackerost/autonomous_prototype/src/auto_drive/install/auto_drive/lib/python3.10/site-packages/auto_drive-0.0.0-py3.10.egg-info' (and everything under it)
[1.065s] Copying build/auto_drive/auto_drive.egg-info to /home/jackerost/autonomous_prototype/src/auto_drive/install/auto_drive/lib/python3.10/site-packages/auto_drive-0.0.0-py3.10.egg-info
[1.066s] running install_scripts
[1.093s] Installing calibrate_perspective script to /home/jackerost/autonomous_prototype/src/auto_drive/install/auto_drive/lib/auto_drive
[1.093s] Installing control_node script to /home/jackerost/autonomous_prototype/src/auto_drive/install/auto_drive/lib/auto_drive
[1.093s] Installing parking_detector_node script to /home/jackerost/autonomous_prototype/src/auto_drive/install/auto_drive/lib/auto_drive
[1.094s] Installing perception_node script to /home/jackerost/autonomous_prototype/src/auto_drive/install/auto_drive/lib/auto_drive
[1.094s] Installing terrain_node script to /home/jackerost/autonomous_prototype/src/auto_drive/install/auto_drive/lib/auto_drive
[1.094s] Installing wheel_odom_node script to /home/jackerost/autonomous_prototype/src/auto_drive/install/auto_drive/lib/auto_drive
[1.095s] writing list of installed files to '/home/jackerost/autonomous_prototype/src/auto_drive/build/auto_drive/install.log'
[1.119s] Invoked command in '/home/jackerost/autonomous_prototype/src/auto_drive' returned '0': PYTHONPATH=/home/jackerost/autonomous_prototype/src/auto_drive/build/auto_drive/prefix_override:/usr/lib/python3/dist-packages/colcon_core/task/python/colcon_distutils_commands:/home/jackerost/autonomous_prototype/src/auto_drive/install/auto_drive/lib/python3.10/site-packages:${PYTHONPATH} /usr/bin/python3 -W ignore:setup.py install is deprecated -W ignore:easy_install command is deprecated setup.py egg_info --egg-base build/auto_drive build --build-base /home/jackerost/autonomous_prototype/src/auto_drive/build/auto_drive/build install --record /home/jackerost/autonomous_prototype/src/auto_drive/build/auto_drive/install.log --single-version-externally-managed install_data
