running egg_info
writing build/auto_drive/auto_drive.egg-info/PKG-INFO
writing dependency_links to build/auto_drive/auto_drive.egg-info/dependency_links.txt
writing entry points to build/auto_drive/auto_drive.egg-info/entry_points.txt
writing requirements to build/auto_drive/auto_drive.egg-info/requires.txt
writing top-level names to build/auto_drive/auto_drive.egg-info/top_level.txt
reading manifest file 'build/auto_drive/auto_drive.egg-info/SOURCES.txt'
writing manifest file 'build/auto_drive/auto_drive.egg-info/SOURCES.txt'
running build
running build_py
copying auto_drive/control_node.py -> /home/jackerost/autonomous_prototype/src/auto_drive/build/auto_drive/build/lib/auto_drive
copying auto_drive/wheel_odom_node.py -> /home/jackerost/autonomous_prototype/src/auto_drive/build/auto_drive/build/lib/auto_drive
copying auto_drive/parking_maneuver.py -> /home/jackerost/autonomous_prototype/src/auto_drive/build/auto_drive/build/lib/auto_drive
running install
running install_lib
copying /home/jackerost/autonomous_prototype/src/auto_drive/build/auto_drive/build/lib/auto_drive/control_node.py -> /home/jackerost/autonomous_prototype/src/auto_drive/install/auto_drive/lib/python3.10/site-packages/auto_drive
copying /home/jackerost/autonomous_prototype/src/auto_drive/build/auto_drive/build/lib/auto_drive/wheel_odom_node.py -> /home/jackerost/autonomous_prototype/src/auto_drive/install/auto_drive/lib/python3.10/site-packages/auto_drive
copying /home/jackerost/autonomous_prototype/src/auto_drive/build/auto_drive/build/lib/auto_drive/parking_maneuver.py -> /home/jackerost/autonomous_prototype/src/auto_drive/install/auto_drive/lib/python3.10/site-packages/auto_drive
byte-compiling /home/jackerost/autonomous_prototype/src/auto_drive/install/auto_drive/lib/python3.10/site-packages/auto_drive/control_node.py to control_node.cpython-310.pyc
byte-compiling /home/jackerost/autonomous_prototype/src/auto_drive/install/auto_drive/lib/python3.10/site-packages/auto_drive/wheel_odom_node.py to wheel_odom_node.cpython-310.pyc
byte-compiling /home/jackerost/autonomous_prototype/src/auto_drive/install/auto_drive/lib/python3.10/site-packages/auto_drive/parking_maneuver.py to parking_maneuver.cpython-310.pyc
running install_data
creating /home/jackerost/autonomous_prototype/src/auto_drive/install/auto_drive/share/auto_drive/worlds/track_race
copying worlds/track_race/model.config -> /home/jackerost/autonomous_prototype/src/auto_drive/install/auto_drive/share/auto_drive/worlds/track_race
copying worlds/track_race/model.sdf -> /home/jackerost/autonomous_prototype/src/auto_drive/install/auto_drive/share/auto_drive/worlds/track_race
creating /home/jackerost/autonomous_prototype/src/auto_drive/install/auto_drive/share/auto_drive/worlds/track_race/meshes
copying worlds/track_race/meshes/OMar.stl -> /home/jackerost/autonomous_prototype/src/auto_drive/install/auto_drive/share/auto_drive/worlds/track_race/meshes
copying worlds/track_race/meshes/lines.stl -> /home/jackerost/autonomous_prototype/src/auto_drive/install/auto_drive/share/auto_drive/worlds/track_race/meshes
copying worlds/track_race/meshes/surround.stl -> /home/jackerost/autonomous_prototype/src/auto_drive/install/auto_drive/share/auto_drive/worlds/track_race/meshes
copying worlds/track_race/meshes/road.stl -> /home/jackerost/autonomous_prototype/src/auto_drive/install/auto_drive/share/auto_drive/worlds/track_race/meshes
creating /home/jackerost/autonomous_prototype/src/auto_drive/install/auto_drive/share/auto_drive/worlds/track_race/materials
creating /home/jackerost/autonomous_prototype/src/auto_drive/install/auto_drive/share/auto_drive/worlds/track_race/materials/scripts
copying worlds/track_race/materials/scripts/track.material -> /home/jackerost/autonomous_prototype/src/auto_drive/install/auto_drive/share/auto_drive/worlds/track_race/materials/scripts
creating /home/jackerost/autonomous_prototype/src/auto_drive/install/auto_drive/share/auto_drive/worlds/track_race/materials/textures
copying worlds/track_race/materials/textures/custom_road.png -> /home/jackerost/autonomous_prototype/src/auto_drive/install/auto_drive/share/auto_drive/worlds/track_race/materials/textures
creating /home/jackerost/autonomous_prototype/src/auto_drive/install/auto_drive/share/auto_drive/worlds/old_track
copying worlds/old_track/model.config -> /home/jackerost/autonomous_prototype/src/auto_drive/install/auto_drive/share/auto_drive/worlds/old_track
copying worlds/old_track/model.sdf -> /home/jackerost/autonomous_prototype/src/auto_drive/install/auto_drive/share/auto_drive/worlds/old_track
creating /home/jackerost/autonomous_prototype/src/auto_drive/install/auto_drive/share/auto_drive/worlds/old_track/materials
creating /home/jackerost/autonomous_prototype/src/auto_drive/install/auto_drive/share/auto_drive/worlds/old_track/materials/scripts
copying worlds/old_track/materials/scripts/track.material -> /home/jackerost/autonomous_prototype/src/auto_drive/install/auto_drive/share/auto_drive/worlds/old_track/materials/scripts
creating /home/jackerost/autonomous_prototype/src/auto_drive/install/auto_drive/share/auto_drive/worlds/old_track/materials/textures
copying worlds/old_track/materials/textures/tracknxgv.png -> /home/jackerost/autonomous_prototype/src/auto_drive/install/auto_drive/share/auto_drive/worlds/old_track/materials/textures
running install_egg_info
removing '/home/jackerost/autonomous_prototype/src/auto_drive/install/auto_drive/lib/python3.10/site-packages/auto_drive-0.0.0-py3.10.egg-info' (and everything under it)
Copying build/auto_drive/auto_drive.egg-info to /home/jackerost/autonomous_prototype/src/auto_drive/install/auto_drive/lib/python3.10/site-packages/auto_drive-0.0.0-py3.10.egg-info
running install_scripts
Installing calibrate_perspective script to /home/jackerost/autonomous_prototype/src/auto_drive/install/auto_drive/lib/auto_drive
Installing control_node script to /home/jackerost/autonomous_prototype/src/auto_drive/install/auto_drive/lib/auto_drive
Installing parking_detector_node script to /home/jackerost/autonomous_prototype/src/auto_drive/install/auto_drive/lib/auto_drive
Installing perception_node script to /home/jackerost/autonomous_prototype/src/auto_drive/install/auto_drive/lib/auto_drive
Installing terrain_node script to /home/jackerost/autonomous_prototype/src/auto_drive/install/auto_drive/lib/auto_drive
Installing wheel_odom_node script to /home/jackerost/autonomous_prototype/src/auto_drive/install/auto_drive/lib/auto_drive
writing list of installed files to '/home/jackerost/autonomous_prototype/src/auto_drive/build/auto_drive/install.log'
