running egg_info
creating build/auto_drive/auto_drive.egg-info
writing build/auto_drive/auto_drive.egg-info/PKG-INFO
writing dependency_links to build/auto_drive/auto_drive.egg-info/dependency_links.txt
writing entry points to build/auto_drive/auto_drive.egg-info/entry_points.txt
writing requirements to build/auto_drive/auto_drive.egg-info/requires.txt
writing top-level names to build/auto_drive/auto_drive.egg-info/top_level.txt
writing manifest file 'build/auto_drive/auto_drive.egg-info/SOURCES.txt'
reading manifest file 'build/auto_drive/auto_drive.egg-info/SOURCES.txt'
writing manifest file 'build/auto_drive/auto_drive.egg-info/SOURCES.txt'
running build
running build_py
creating /home/jackerost/autonomous_prototype/src/auto_drive/build/auto_drive/build
creating /home/jackerost/autonomous_prototype/src/auto_drive/build/auto_drive/build/lib
creating /home/jackerost/autonomous_prototype/src/auto_drive/build/auto_drive/build/lib/auto_drive
copying auto_drive/control_node.py -> /home/jackerost/autonomous_prototype/src/auto_drive/build/auto_drive/build/lib/auto_drive
copying auto_drive/parking_detector_node.py -> /home/jackerost/autonomous_prototype/src/auto_drive/build/auto_drive/build/lib/auto_drive
copying auto_drive/perception_node.py -> /home/jackerost/autonomous_prototype/src/auto_drive/build/auto_drive/build/lib/auto_drive
copying auto_drive/terrain_node.py -> /home/jackerost/autonomous_prototype/src/auto_drive/build/auto_drive/build/lib/auto_drive
copying auto_drive/__init__.py -> /home/jackerost/autonomous_prototype/src/auto_drive/build/auto_drive/build/lib/auto_drive
copying auto_drive/calibrate_perspective.py -> /home/jackerost/autonomous_prototype/src/auto_drive/build/auto_drive/build/lib/auto_drive
running install
running install_lib
creating /home/jackerost/autonomous_prototype/src/auto_drive/install/auto_drive/lib/python3.10/site-packages/auto_drive
copying /home/jackerost/autonomous_prototype/src/auto_drive/build/auto_drive/build/lib/auto_drive/control_node.py -> /home/jackerost/autonomous_prototype/src/auto_drive/install/auto_drive/lib/python3.10/site-packages/auto_drive
copying /home/jackerost/autonomous_prototype/src/auto_drive/build/auto_drive/build/lib/auto_drive/parking_detector_node.py -> /home/jackerost/autonomous_prototype/src/auto_drive/install/auto_drive/lib/python3.10/site-packages/auto_drive
copying /home/jackerost/autonomous_prototype/src/auto_drive/build/auto_drive/build/lib/auto_drive/perception_node.py -> /home/jackerost/autonomous_prototype/src/auto_drive/install/auto_drive/lib/python3.10/site-packages/auto_drive
copying /home/jackerost/autonomous_prototype/src/auto_drive/build/auto_drive/build/lib/auto_drive/terrain_node.py -> /home/jackerost/autonomous_prototype/src/auto_drive/install/auto_drive/lib/python3.10/site-packages/auto_drive
copying /home/jackerost/autonomous_prototype/src/auto_drive/build/auto_drive/build/lib/auto_drive/__init__.py -> /home/jackerost/autonomous_prototype/src/auto_drive/install/auto_drive/lib/python3.10/site-packages/auto_drive
copying /home/jackerost/autonomous_prototype/src/auto_drive/build/auto_drive/build/lib/auto_drive/calibrate_perspective.py -> /home/jackerost/autonomous_prototype/src/auto_drive/install/auto_drive/lib/python3.10/site-packages/auto_drive
byte-compiling /home/jackerost/autonomous_prototype/src/auto_drive/install/auto_drive/lib/python3.10/site-packages/auto_drive/control_node.py to control_node.cpython-310.pyc
byte-compiling /home/jackerost/autonomous_prototype/src/auto_drive/install/auto_drive/lib/python3.10/site-packages/auto_drive/parking_detector_node.py to parking_detector_node.cpython-310.pyc
byte-compiling /home/jackerost/autonomous_prototype/src/auto_drive/install/auto_drive/lib/python3.10/site-packages/auto_drive/perception_node.py to perception_node.cpython-310.pyc
byte-compiling /home/jackerost/autonomous_prototype/src/auto_drive/install/auto_drive/lib/python3.10/site-packages/auto_drive/terrain_node.py to terrain_node.cpython-310.pyc
byte-compiling /home/jackerost/autonomous_prototype/src/auto_drive/install/auto_drive/lib/python3.10/site-packages/auto_drive/__init__.py to __init__.cpython-310.pyc
byte-compiling /home/jackerost/autonomous_prototype/src/auto_drive/install/auto_drive/lib/python3.10/site-packages/auto_drive/calibrate_perspective.py to calibrate_perspective.cpython-310.pyc
running install_data
creating /home/jackerost/autonomous_prototype/src/auto_drive/install/auto_drive/share/ament_index
creating /home/jackerost/autonomous_prototype/src/auto_drive/install/auto_drive/share/ament_index/resource_index
creating /home/jackerost/autonomous_prototype/src/auto_drive/install/auto_drive/share/ament_index/resource_index/packages
copying resource/auto_drive -> /home/jackerost/autonomous_prototype/src/auto_drive/install/auto_drive/share/ament_index/resource_index/packages
copying package.xml -> /home/jackerost/autonomous_prototype/src/auto_drive/install/auto_drive/share/auto_drive
creating /home/jackerost/autonomous_prototype/src/auto_drive/install/auto_drive/share/auto_drive/urdf
copying urdf/my_car.urdf -> /home/jackerost/autonomous_prototype/src/auto_drive/install/auto_drive/share/auto_drive/urdf
copying urdf/my_car.sdf -> /home/jackerost/autonomous_prototype/src/auto_drive/install/auto_drive/share/auto_drive/urdf
creating /home/jackerost/autonomous_prototype/src/auto_drive/install/auto_drive/share/auto_drive/worlds
copying worlds/my_track.world -> /home/jackerost/autonomous_prototype/src/auto_drive/install/auto_drive/share/auto_drive/worlds
creating /home/jackerost/autonomous_prototype/src/auto_drive/install/auto_drive/share/auto_drive/launch
copying launch/mycar_autorace.launch.py -> /home/jackerost/autonomous_prototype/src/auto_drive/install/auto_drive/share/auto_drive/launch
creating /home/jackerost/autonomous_prototype/src/auto_drive/install/auto_drive/share/auto_drive/config
copying config/ekf.yaml -> /home/jackerost/autonomous_prototype/src/auto_drive/install/auto_drive/share/auto_drive/config
running install_egg_info
Copying build/auto_drive/auto_drive.egg-info to /home/jackerost/autonomous_prototype/src/auto_drive/install/auto_drive/lib/python3.10/site-packages/auto_drive-0.0.0-py3.10.egg-info
running install_scripts
Installing calibrate_perspective script to /home/jackerost/autonomous_prototype/src/auto_drive/install/auto_drive/lib/auto_drive
Installing control_node script to /home/jackerost/autonomous_prototype/src/auto_drive/install/auto_drive/lib/auto_drive
Installing parking_detector_node script to /home/jackerost/autonomous_prototype/src/auto_drive/install/auto_drive/lib/auto_drive
Installing perception_node script to /home/jackerost/autonomous_prototype/src/auto_drive/install/auto_drive/lib/auto_drive
Installing terrain_node script to /home/jackerost/autonomous_prototype/src/auto_drive/install/auto_drive/lib/auto_drive
writing list of installed files to '/home/jackerost/autonomous_prototype/src/auto_drive/build/auto_drive/install.log'
