[0.637s] Invoking command in '/home/jackerost/autonomous_prototype/src/auto_drive': PYTHONPATH=/home/jackerost/autonomous_prototype/src/auto_drive/build/auto_drive/prefix_override:/usr/lib/python3/dist-packages/colcon_core/task/python/colcon_distutils_commands:/home/jackerost/autonomous_prototype/src/auto_drive/install/auto_drive/lib/python3.10/site-packages:${PYTHONPATH} /usr/bin/python3 -W ignore:setup.py install is deprecated -W ignore:easy_install command is deprecated setup.py egg_info --egg-base build/auto_drive build --build-base /home/jackerost/autonomous_prototype/src/auto_drive/build/auto_drive/build install --record /home/jackerost/autonomous_prototype/src/auto_drive/build/auto_drive/install.log --single-version-externally-managed install_data
[0.866s] running egg_info
[0.867s] writing build/auto_drive/auto_drive.egg-info/PKG-INFO
[0.867s] writing dependency_links to build/auto_drive/auto_drive.egg-info/dependency_links.txt
[0.867s] writing entry points to build/auto_drive/auto_drive.egg-info/entry_points.txt
[0.867s] writing requirements to build/auto_drive/auto_drive.egg-info/requires.txt
[0.867s] writing top-level names to build/auto_drive/auto_drive.egg-info/top_level.txt
[0.869s] reading manifest file 'build/auto_drive/auto_drive.egg-info/SOURCES.txt'
[0.869s] writing manifest file 'build/auto_drive/auto_drive.egg-info/SOURCES.txt'
[0.869s] running build
[0.870s] running build_py
[0.870s] copying auto_drive/control_node.py -> /home/jackerost/autonomous_prototype/src/auto_drive/build/auto_drive/build/lib/auto_drive
[0.870s] running install
[0.870s] running install_lib
[0.871s] copying /home/jackerost/autonomous_prototype/src/auto_drive/build/auto_drive/build/lib/auto_drive/control_node.py -> /home/jackerost/autonomous_prototype/src/auto_drive/install/auto_drive/lib/python3.10/site-packages/auto_drive
[0.871s] byte-compiling /home/jackerost/autonomous_prototype/src/auto_drive/install/auto_drive/lib/python3.10/site-packages/auto_drive/control_node.py to control_node.cpython-310.pyc
[0.880s] running install_data
[0.880s] running install_egg_info
[0.882s] removing '/home/jackerost/autonomous_prototype/src/auto_drive/install/auto_drive/lib/python3.10/site-packages/auto_drive-0.0.0-py3.10.egg-info' (and everything under it)
[0.883s] Copying build/auto_drive/auto_drive.egg-info to /home/jackerost/autonomous_prototype/src/auto_drive/install/auto_drive/lib/python3.10/site-packages/auto_drive-0.0.0-py3.10.egg-info
[0.884s] running install_scripts
[0.898s] Installing calibrate_perspective script to /home/jackerost/autonomous_prototype/src/auto_drive/install/auto_drive/lib/auto_drive
[0.898s] Installing control_node script to /home/jackerost/autonomous_prototype/src/auto_drive/install/auto_drive/lib/auto_drive
[0.898s] Installing parking_detector_node script to /home/jackerost/autonomous_prototype/src/auto_drive/install/auto_drive/lib/auto_drive
[0.899s] Installing perception_node script to /home/jackerost/autonomous_prototype/src/auto_drive/install/auto_drive/lib/auto_drive
[0.899s] Installing terrain_node script to /home/jackerost/autonomous_prototype/src/auto_drive/install/auto_drive/lib/auto_drive
[0.899s] Installing wheel_odom_node script to /home/jackerost/autonomous_prototype/src/auto_drive/install/auto_drive/lib/auto_drive
[0.899s] writing list of installed files to '/home/jackerost/autonomous_prototype/src/auto_drive/build/auto_drive/install.log'
[0.916s] Invoked command in '/home/jackerost/autonomous_prototype/src/auto_drive' returned '0': PYTHONPATH=/home/jackerost/autonomous_prototype/src/auto_drive/build/auto_drive/prefix_override:/usr/lib/python3/dist-packages/colcon_core/task/python/colcon_distutils_commands:/home/jackerost/autonomous_prototype/src/auto_drive/install/auto_drive/lib/python3.10/site-packages:${PYTHONPATH} /usr/bin/python3 -W ignore:setup.py install is deprecated -W ignore:easy_install command is deprecated setup.py egg_info --egg-base build/auto_drive build --build-base /home/jackerost/autonomous_prototype/src/auto_drive/build/auto_drive/build install --record /home/jackerost/autonomous_prototype/src/auto_drive/build/auto_drive/install.log --single-version-externally-managed install_data
